
> project@0.0.0 build
> vite build

[36mvite v7.0.5 [32mbuilding for production...[36m[39m
transforming...
[32m✓[39m 12220 modules transformed.
rendering chunks...
computing gzip size...
[2mdist/[22m[32mindex.html                                 [39m[1m[2m    0.46 kB[22m[1m[22m[2m │ gzip:   0.29 kB[22m
[2mdist/[22m[35massets/index-qXV99gGs.css                  [39m[1m[2m    0.97 kB[22m[1m[22m[2m │ gzip:   0.51 kB[22m
[2mdist/[22m[36massets/purify.es-CQJ0hv7W.js               [39m[1m[2m   21.82 kB[22m[1m[22m[2m │ gzip:   8.58 kB[22m
[2mdist/[22m[36massets/jspdf.plugin.autotable-BgrBGiiK.js  [39m[1m[2m   30.90 kB[22m[1m[22m[2m │ gzip:   9.85 kB[22m
[2mdist/[22m[36massets/index.es-200K72qh.js                [39m[1m[2m  159.32 kB[22m[1m[22m[2m │ gzip:  53.39 kB[22m
[2mdist/[22m[36massets/html2canvas.esm-BfxBtG_O.js         [39m[1m[2m  202.29 kB[22m[1m[22m[2m │ gzip:  48.03 kB[22m
[2mdist/[22m[36massets/jspdf.es.min-BCAx6eQW.js            [39m[1m[2m  357.70 kB[22m[1m[22m[2m │ gzip: 117.98 kB[22m
[2mdist/[22m[36massets/index-os0b_Y5j.js                   [39m[1m[33m1,206.44 kB[39m[22m[2m │ gzip: 341.87 kB[22m
[33m
(!) Some chunks are larger than 500 kB after minification. Consider:
- Using dynamic import() to code-split the application
- Use build.rollupOptions.output.manualChunks to improve chunking: https://rollupjs.org/configuration-options/#output-manualchunks
- Adjust chunk size limit for this warning via build.chunkSizeWarningLimit.[39m
[32m✓ built in 16.84s[39m
